[adminuiux.com/adminuiux/adminux-mobile/html/adminux-dashboard.html]
[backblue.gif]
[fade.gif]
[index.html]
[adminuiux.com/adminuiux/adminux-mobile/html/assets/img/favicon.png]
[adminuiux.com/adminuiux/adminux-mobile/html/assets/js/app8051.js]
[adminuiux.com/adminuiux/adminux-mobile/html/assets/css/app8051.css]
[adminuiux.com/adminuiux/adminux-mobile/html/assets/img/modern-ai-image/user-4.jpg]
[adminuiux.com/adminuiux/adminux-mobile/html/adminux-finance-dashboard.html]
[adminuiux.com/adminuiux/adminux-mobile/html/adminux-finance-bank.html]
[adminuiux.com/adminuiux/adminux-mobile/html/adminux-finance-crypto.html]
[adminuiux.com/adminuiux/adminux-mobile/html/adminux-finance-wallet.html]
[adminuiux.com/adminuiux/adminux-mobile/html/adminux-finance-rewards.html]
[adminuiux.com/adminuiux/adminux-mobile/html/adminux-network-dashboard.html]
[adminuiux.com/adminuiux/adminux-mobile/html/adminux-network-performance.html]
[adminuiux.com/adminuiux/adminux-mobile/html/adminux-network-devices.html]
[adminuiux.com/adminuiux/adminux-mobile/html/adminux-social-dashboard.html]
[adminuiux.com/adminuiux/adminux-mobile/html/adminux-social-analytics.html]
[adminuiux.com/adminuiux/adminux-mobile/html/adminux-social-schedular.html]
[adminuiux.com/adminuiux/adminux-mobile/html/adminux-inventory-dashboard.html]
[adminuiux.com/adminuiux/adminux-mobile/html/adminux-inventory-stock.html]
[adminuiux.com/adminuiux/adminux-mobile/html/adminux-inventory-orders.html]
[adminuiux.com/adminuiux/adminux-mobile/html/adminux-project-dashboard.html]
[adminuiux.com/adminuiux/adminux-mobile/html/adminux-project-projects.html]
[adminuiux.com/adminuiux/adminux-mobile/html/adminux-learning-dashboard.html]
[adminuiux.com/adminuiux/adminux-mobile/html/adminux-learning-courses.html]
[adminuiux.com/adminuiux/adminux-mobile/html/adminux-learning-institutions.html]
[adminuiux.com/adminuiux/adminux-mobile/html/adminux-personalization.html]
[adminuiux.com/adminuiux/adminux-mobile/html/adminux-email.html]
[adminuiux.com/adminuiux/adminux-mobile/html/assets/img/modern-ai-image/user-2.jpg]
[adminuiux.com/adminuiux/adminux-mobile/html/assets/img/modern-ai-image/user-3.jpg]
[adminuiux.com/adminuiux/adminux-mobile/html/adminux-explorer.html]
[adminuiux.com/adminuiux/adminux-mobile/html/adminux-calendar.html]
[adminuiux.com/adminuiux/adminux-mobile/html/adminux-profile-professional.html]
[adminuiux.com/adminuiux/adminux-mobile/html/adminux-profile-social.html]
[adminuiux.com/adminuiux/adminux-mobile/html/adminux-profile-analytical.html]
[adminuiux.com/adminuiux/adminux-mobile/html/adminux-company-profile.html]
[adminuiux.com/adminuiux/adminux-mobile/html/adminux-company-user-roles.html]
[adminuiux.com/adminuiux/adminux-mobile/html/adminux-company-resource.html]
[adminuiux.com/adminuiux/adminux-mobile/html/adminux-company-management.html]
[adminuiux.com/adminuiux/adminux-mobile/html/adminux-company-career.html]
[adminuiux.com/adminuiux/adminux-mobile/html/adminux-company-help-center.html]
[adminuiux.com/adminuiux/adminux-mobile/html/adminux-company-contact-us.html]
[adminuiux.com/adminuiux/adminux-mobile/html/adminux-forum.html]
[adminuiux.com/adminuiux/adminux-mobile/html/adminux-login.html]
[adminuiux.com/adminuiux/adminux-mobile/html/adminux-forum-details.html]
[adminuiux.com/adminuiux/adminux-mobile/html/adminux-signup.html]
[adminuiux.com/adminuiux/adminux-mobile/html/adminux-forgot-password.html]
[adminuiux.com/adminuiux/adminux-mobile/html/adminux-change-password.html]
[adminuiux.com/adminuiux/adminux-mobile/html/adminux-maintenance.html]
[adminuiux.com/adminuiux/adminux-mobile/html/adminux-comingsoon.html]
[adminuiux.com/adminuiux/adminux-mobile/html/adminux-page-not-found-2.html]
[adminuiux.com/adminuiux/adminux-mobile/html/adminux-onboarding.html]
[adminuiux.com/adminuiux/adminux-mobile/html/adminux-contact-us.html]
[adminuiux.com/adminuiux/adminux-mobile/html/adminux-timeline.html]
[adminuiux.com/adminuiux/adminux-mobile/html/documentation.html]
[adminuiux.com/adminuiux/adminux-mobile/html/components.html]
[adminuiux.com/adminuiux/adminux-mobile/html/adminux-chat.html]
[adminuiux.com/adminuiux/adminux-mobile/html/adminux-subscription-plans.html]
[adminuiux.com/adminuiux/adminux-mobile/html/assets/img/modern-ai-image/peacoke-2.jpg]
[adminuiux.com/adminuiux/adminux-mobile/html/assets/img/modern-ai-image/flamingo-2.jpg]
[adminuiux.com/adminuiux/adminux-mobile/html/assets/img/modern-ai-image/user-5.jpg]
[adminuiux.com/adminuiux/adminux-mobile/html/assets/img/modern-ai-image/pet-4.jpg]
[adminuiux.com/adminuiux/adminux-mobile/html/assets/img/modern-ai-image/tree-2.jpg]
[adminuiux.com/adminuiux/adminux-mobile/html/assets/img/adminux/bg-13.jpg]
[adminuiux.com/adminuiux/adminux-mobile/html/assets/img/modern-ai-image/tree-6.jpg]
[adminuiux.com/adminuiux/adminux-mobile/html/assets/img/modern-ai-image/tree-8.jpg]
[adminuiux.com/adminuiux/adminux-mobile/html/assets/img/modern-ai-image/kids-2.jpg]
[adminuiux.com/adminuiux/adminux-mobile/html/assets/img/modern-ai-image/user-1-kid.jpg]
[adminuiux.com/adminuiux/adminux-mobile/html/adminux-profile.html]
[adminuiux.com/adminuiux/adminux-mobile/html/adminux-subscription.html]
[adminuiux.com/adminuiux/adminux-mobile/html/assets/js/adminux/adminux-dashboard.js]
[adminuiux.com/adminuiux/adminux-mobile/html/adminux-dashboard.html]
[adminuiux.com/adminuiux/adminux-mobile/html/assets/img/logo-light.png]
[ibaslogic.github.io/hosted-assets/smile.png]
[adminuiux.com/adminuiux/adminux-mobile/html/assets/css/app8051.css]
[adminuiux.com/adminuiux/adminux-mobile/html/assets/img/logo.svg]
[adminuiux.com/adminuiux/adminux-mobile/html/assets/img/logo-light.svg]
[adminuiux.com/adminuiux/adminux-mobile/html/assets/img/modern-ai-image/user-6.jpg]
[adminuiux.com/adminuiux/adminux-mobile/html/assets/img/modern-ai-image/bus-3.jpg]
[adminuiux.com/adminuiux/adminux-mobile/html/assets/img/adminuiux-qr.png]
[adminuiux.com/adminuiux/adminux-mobile/html/assets/img/modern-ai-image/pet-1.jpg]
[adminuiux.com/adminuiux/adminux-mobile/html/assets/img/modern-ai-image/tree-5.jpg]
[adminuiux.com/adminuiux/adminux-mobile/html/assets/img/modern-ai-image/lion-2.jpg]
[adminuiux.com/adminuiux/adminux-mobile/html/assets/img/modern-ai-image/bus-7.jpg]
[adminuiux.com/adminuiux/adminux-mobile/html/assets/img/modern-ai-image/taxi-1.jpg]
[adminuiux.com/adminuiux/adminux-mobile/html/assets/js/adminux/adminux-finance-dashboard.js]
[adminuiux.com/adminuiux/adminux-mobile/html/adminux-finance-dashboard.html]
[adminuiux.com/adminuiux/adminux-mobile/html/assets/img/modern-ai-image/pet-3.jpg]
[adminuiux.com/adminuiux/adminux-mobile/html/assets/img/modern-ai-image/company9.jpg]
[adminuiux.com/adminuiux/adminux-mobile/html/assets/img/modern-ai-image/company8.jpg]
[adminuiux.com/adminuiux/adminux-mobile/html/assets/img/modern-ai-image/tree-4.jpg]
[adminuiux.com/adminuiux/adminux-mobile/html/assets/js/adminux/adminux-finance-bank.js]
[adminuiux.com/adminuiux/adminux-mobile/html/adminux-finance-bank.html]
[adminuiux.com/adminuiux/adminux-mobile/html/assets/img/modern-ai-image/company6.png]
[adminuiux.com/adminuiux/adminux-mobile/html/assets/img/modern-ai-image/company7.jpg]
[adminuiux.com/adminuiux/adminux-mobile/html/assets/img/modern-ai-image/company10.png]
[adminuiux.com/adminuiux/adminux-mobile/html/assets/img/logo.png]
[adminuiux.com/adminuiux/adminux-mobile/html/assets/js/adminux/adminux-finance-crypto.js]
[adminuiux.com/adminuiux/adminux-mobile/html/adminux-finance-crypto.html]
[adminuiux.com/adminuiux/adminux-mobile/html/assets/img/adminux/offer-1.png]
[adminuiux.com/adminuiux/adminux-mobile/html/assets/img/modern-ai-image/user-1.jpg]
[adminuiux.com/adminuiux/adminux-mobile/html/assets/img/modern-ai-image/user-8.jpg]
[adminuiux.com/adminuiux/adminux-mobile/html/assets/img/modern-ai-image/peacoke-3.jpg]
[adminuiux.com/adminuiux/adminux-mobile/html/assets/js/adminux/adminux-finance-wallet.js]
[adminuiux.com/adminuiux/adminux-mobile/html/adminux-finance-wallet.html]
[adminuiux.com/adminuiux/adminux-mobile/html/assets/img/adminux/services-youtubelogo.png]
[adminuiux.com/adminuiux/adminux-mobile/html/assets/img/adminux/services-netflixlogo.png]
[adminuiux.com/adminuiux/adminux-mobile/html/assets/img/adminux/services-paypal.png]
[adminuiux.com/adminuiux/adminux-mobile/html/assets/img/adminux/services-swiggy.png]
[adminuiux.com/adminuiux/adminux-mobile/html/assets/img/adminux/services-amazon_Prime.png]
[adminuiux.com/adminuiux/adminux-mobile/html/assets/img/adminux/product-1.jpg]
[adminuiux.com/adminuiux/adminux-mobile/html/assets/img/adminux/product-2.jpg]
[adminuiux.com/adminuiux/adminux-mobile/html/assets/img/adminux/product-3.jpg]
[adminuiux.com/adminuiux/adminux-mobile/html/assets/img/adminux/product-4.jpg]
[adminuiux.com/adminuiux/adminux-mobile/html/assets/img/adminux/product-5.jpg]
[adminuiux.com/adminuiux/adminux-mobile/html/assets/img/adminux/product-6.jpg]
[adminuiux.com/adminuiux/adminux-mobile/html/assets/img/adminux/product-8.jpg]
[adminuiux.com/adminuiux/adminux-mobile/html/assets/img/adminux/product-9.jpg]
[adminuiux.com/adminuiux/adminux-mobile/html/adminux-finance-rewards.html]
[adminuiux.com/adminuiux/adminux-mobile/html/assets/js/adminux/adminux-network-dashboard.js]
[adminuiux.com/adminuiux/adminux-mobile/html/adminux-network-dashboard.html]
[adminuiux.com/adminuiux/adminux-mobile/html/assets/js/adminux/adminux-network-performance.js]
[adminuiux.com/adminuiux/adminux-mobile/html/adminux-network-performance.html]
[adminuiux.com/adminuiux/adminux-mobile/html/assets/img/adminux/drive.mp4]
[adminuiux.com/adminuiux/adminux-mobile/html/assets/img/modern-ai-image/kids-6.jpg]
[adminuiux.com/adminuiux/adminux-mobile/html/assets/img/adminux/vehicle-3.png]
[adminuiux.com/adminuiux/adminux-mobile/html/assets/js/adminux/adminux-network-devices.js]
[adminuiux.com/adminuiux/adminux-mobile/html/adminux-network-devices.html]
[adminuiux.com/adminuiux/adminux-mobile/html/assets/js/adminux/adminux-social-dashboard.js]
[adminuiux.com/adminuiux/adminux-mobile/html/adminux-social-dashboard.html]
[adminuiux.com/adminuiux/adminux-mobile/html/assets/js/adminux/adminux-social-analytics.js]
[adminuiux.com/adminuiux/adminux-mobile/html/adminux-social-analytics.html]
[adminuiux.com/adminuiux/adminux-mobile/html/assets/js/adminux/adminux-social-schedular.js]
[adminuiux.com/adminuiux/adminux-mobile/html/adminux-social-schedular.html]
[adminuiux.com/adminuiux/adminux-mobile/html/assets/img/modern-ai-image/user5-kid.jpg]
[adminuiux.com/adminuiux/adminux-mobile/html/assets/js/adminux/adminux-inventory-dashboard.js]
[adminuiux.com/adminuiux/adminux-mobile/html/adminux-inventory-dashboard.html]
[adminuiux.com/adminuiux/adminux-mobile/html/assets/js/adminux/adminux-inventory-stock.js]
[adminuiux.com/adminuiux/adminux-mobile/html/adminux-inventory-stock.html]
[adminuiux.com/adminuiux/adminux-mobile/html/adminux-inventory-order-details.html]
[adminuiux.com/adminuiux/adminux-mobile/html/assets/js/adminux/adminux-inventory-orders.js]
[adminuiux.com/adminuiux/adminux-mobile/html/adminux-inventory-orders.html]
[adminuiux.com/adminuiux/adminux-mobile/html/assets/img/logo-512.png]
[adminuiux.com/adminuiux/adminux-mobile/html/assets/img/modern-ai-image/PET-2.jpg]
[adminuiux.com/adminuiux/adminux-mobile/html/assets/img/modern-ai-image/user-7.jpg]
[adminuiux.com/adminuiux/adminux-mobile/html/assets/js/adminux/adminux-project-dashboard.js]
[adminuiux.com/adminuiux/adminux-mobile/html/adminux-project-dashboard.html]
[adminuiux.com/adminuiux/adminux-mobile/html/assets/js/adminux/adminux-project-projects.js]
[adminuiux.com/adminuiux/adminux-mobile/html/adminux-project-projects.html]
[adminuiux.com/adminuiux/adminux-mobile/html/assets/img/background-image/backgorund-image-8.jpg]
[adminuiux.com/adminuiux/adminux-mobile/html/assets/js/adminux/adminux-learning-dashboard.js]
[adminuiux.com/adminuiux/adminux-mobile/html/adminux-learning-dashboard.html]
[adminuiux.com/adminuiux/adminux-mobile/html/assets/img/modern-ai-image/flamingo-4.jpg]
[adminuiux.com/adminuiux/adminux-mobile/html/assets/js/adminux/adminux-learning-courses.js]
[adminuiux.com/adminuiux/adminux-mobile/html/adminux-learning-courses.html]
[adminuiux.com/adminuiux/adminux-mobile/html/assets/img/modern-ai-image/team-sq-1.jpg]
[adminuiux.com/adminuiux/adminux-mobile/html/assets/img/modern-ai-image/team-sq-2.jpg]
[adminuiux.com/adminuiux/adminux-mobile/html/assets/js/adminux/adminux-learning-institutions.js]
[adminuiux.com/adminuiux/adminux-mobile/html/adminux-learning-institutions.html]
[adminuiux.com/adminuiux/adminux-mobile/html/assets/img/modern-ai-image/image-10.jpg]
[adminuiux.com/adminuiux/adminux-mobile/html/assets/img/background-image/backgorund-image-1.jpg]
[adminuiux.com/adminuiux/adminux-mobile/html/assets/img/background-image/backgorund-image-2.jpg]
[adminuiux.com/adminuiux/adminux-mobile/html/assets/img/background-image/backgorund-image-3.jpg]
[adminuiux.com/adminuiux/adminux-mobile/html/assets/img/background-image/backgorund-image-4.jpg]
[adminuiux.com/adminuiux/adminux-mobile/html/assets/img/background-image/backgorund-image-5.jpg]
[adminuiux.com/adminuiux/adminux-mobile/html/assets/img/background-image/backgorund-image-7.jpg]
[adminuiux.com/adminuiux/adminux-mobile/html/assets/img/background-image/backgorund-image-9.jpg]
[adminuiux.com/adminuiux/adminux-mobile/html/assets/img/background-image/backgorund-image-10.jpg]
[adminuiux.com/adminuiux/adminux-mobile/html/assets/img/background-image/backgorund-image-11.jpg]
[adminuiux.com/adminuiux/adminux-mobile/html/assets/img/background-image/backgorund-image-12.jpg]
[adminuiux.com/adminuiux/adminux-mobile/html/assets/img/modern-ai-image/image-2.jpg]
[adminuiux.com/adminuiux/adminux-mobile/html/assets/img/modern-ai-image/image-1.jpg]
[adminuiux.com/adminuiux/adminux-mobile/html/adminux-personalization.html]
[adminuiux.com/adminuiux/adminux-mobile/html/adminux-email.html]
[adminuiux.com/adminuiux/adminux-mobile/html/assets/img/modern-ai-image/user-6-kid.jpg]
[adminuiux.com/adminuiux/adminux-mobile/html/assets/js/adminux/adminux-explorer.js]
[adminuiux.com/adminuiux/adminux-mobile/html/adminux-explorer.html]
[adminuiux.com/adminuiux/adminux-mobile/html/assets/js/adminux/adminux-calendar.js]
[adminuiux.com/adminuiux/adminux-mobile/html/adminux-calendar.html]
[adminuiux.com/adminuiux/adminux-mobile/html/assets/img/background-image/backgorund-image-13.jpg]
[adminuiux.com/adminuiux/adminux-mobile/html/assets/img/modern-ai-image/user-7-kid.jpg]
[adminuiux.com/adminuiux/adminux-mobile/html/adminux-profile-professional.html]
[adminuiux.com/adminuiux/adminux-mobile/html/assets/img/modern-ai-image/lion-1.jpg]
[adminuiux.com/adminuiux/adminux-mobile/html/adminux-profile-social.html]
[adminuiux.com/adminuiux/adminux-mobile/html/assets/js/adminux/adminux-profile-analytical.js]
[adminuiux.com/adminuiux/adminux-mobile/html/adminux-profile-analytical.html]
[adminuiux.com/adminuiux/adminux-mobile/html/assets/img/components/admin-ui-ux-bootstrap-html-template-card.png]
[adminuiux.com/adminuiux/adminux-mobile/html/assets/img/components/admin-ui-ux-bootstrap-html-template-color.png]
[adminuiux.com/adminuiux/adminux-mobile/html/assets/img/components/admin-ui-ux-bootstrap-html-template-pricing.png]
[adminuiux.com/adminuiux/adminux-mobile/html/assets/img/components/admin-ui-ux-bootstrap-html-template-popover.png]
[adminuiux.com/adminuiux/adminux-mobile/html/assets/img/background-image/backgorund-image-6.jpg]
[adminuiux.com/adminuiux/adminux-mobile/html/adminux-company-profile.html]
[adminuiux.com/adminuiux/adminux-mobile/html/adminux-company-user-roles.html]
[adminuiux.com/adminuiux/adminux-mobile/html/assets/js/adminux/adminux-company-resource.js]
[adminuiux.com/adminuiux/adminux-mobile/html/adminux-company-resource.html]
[adminuiux.com/adminuiux/adminux-mobile/html/assets/js/adminux/adminux-company-management.js]
[adminuiux.com/adminuiux/adminux-mobile/html/adminux-company-management.html]
[adminuiux.com/adminuiux/adminux-mobile/html/assets/img/adminux/bg-21.jpg]
[adminuiux.com/adminuiux/adminux-mobile/html/adminux-company-career.html]
[adminuiux.com/adminuiux/adminux-mobile/html/adminux-company-help-center.html]
[adminuiux.com/adminuiux/adminux-mobile/html/adminux-company-contact-us.html]
[adminuiux.com/adminuiux/adminux-mobile/html/adminux-forum.html]
[adminuiux.com/adminuiux/adminux-mobile/html/adminux-forum-details.html]
[adminuiux.com/adminuiux/adminux-mobile/html/assets/img/background-image/backgorund-image-14.png]
[adminuiux.com/adminuiux/adminux-mobile/html/assets/img/g-logo.png]
[adminuiux.com/adminuiux/adminux-mobile/html/assets/img/f-logo.png]
[adminuiux.com/adminuiux/adminux-mobile/html/assets/js/adminux/adminux-auth.js]
[adminuiux.com/adminuiux/adminux-mobile/html/adminux-login.html]
[adminuiux.com/adminuiux/adminux-mobile/html/adminux-signup-success.html]
[adminuiux.com/adminuiux/adminux-mobile/html/adminux-signup.html]
[adminuiux.com/adminuiux/adminux-mobile/html/adminux-forgot-password.html]
[adminuiux.com/adminuiux/adminux-mobile/html/adminux-change-password.html]
[adminuiux.com/adminuiux/adminux-mobile/html/assets/img/adminux/maintenance.jpg]
[adminuiux.com/adminuiux/adminux-mobile/html/adminux-maintenance.html]
[adminuiux.com/adminuiux/adminux-mobile/html/assets/img/adminux/comingsoon.jpg]
[adminuiux.com/adminuiux/adminux-mobile/html/assets/js/adminux/adminux-countdown.js]
[adminuiux.com/adminuiux/adminux-mobile/html/adminux-comingsoon.html]
[adminuiux.com/adminuiux/adminux-mobile/html/assets/img/adminux/video-4.mp4]
[adminuiux.com/adminuiux/adminux-mobile/html/adminux-page-not-found-2.html]
[adminuiux.com/adminuiux/adminux-mobile/html/assets/img/adminux/onboarding1.png]
[adminuiux.com/adminuiux/adminux-mobile/html/assets/img/adminux/onboarding-2.png]
[adminuiux.com/adminuiux/adminux-mobile/html/adminux-onboarding.html]
[adminuiux.com/adminuiux/adminux-mobile/html/adminux-contact-us.html]
[adminuiux.com/adminuiux/adminux-mobile/html/adminux-timeline.html]
[adminuiux.com/adminuiux/adminux-mobile/html/assets/js/app.js]
[adminuiux.com/adminuiux/adminux-mobile/html/assets/css/app.css]
[cdnjs.cloudflare.com/ajax/libs/highlight.js/11.10.0/styles/base16/circus.min.css]
[adminuiux.com/adminuiux/adminux-mobile/html/documentation.html]
[cdnjs.cloudflare.com/ajax/libs/highlight.js/11.9.0/highlight.min.js]
[adminuiux.com/adminuiux/adminux-mobile/html/component-buttons.html]
[adminuiux.com/adminuiux/adminux-mobile/html/assets/img/components/admin-ui-ux-bootstrap-html-template-buttons.png]
[adminuiux.com/adminuiux/adminux-mobile/html/component-button-groups.html]
[adminuiux.com/adminuiux/adminux-mobile/html/assets/img/components/admin-ui-ux-bootstrap-html-template-button-groups.png]
[adminuiux.com/adminuiux/adminux-mobile/html/component-icon-buttons.html]
[adminuiux.com/adminuiux/adminux-mobile/html/assets/img/components/admin-ui-ux-bootstrap-html-template-icon-buttons.png]
[adminuiux.com/adminuiux/adminux-mobile/html/component-dropdowns.html]
[adminuiux.com/adminuiux/adminux-mobile/html/assets/img/components/admin-ui-ux-bootstrap-html-template-dropdown.png]
[adminuiux.com/adminuiux/adminux-mobile/html/component-pagination.html]
[adminuiux.com/adminuiux/adminux-mobile/html/assets/img/components/admin-ui-ux-bootstrap-html-template-pagination.png]
[adminuiux.com/adminuiux/adminux-mobile/html/component-alerts.html]
[adminuiux.com/adminuiux/adminux-mobile/html/assets/img/components/admin-ui-ux-bootstrap-html-template-alert.png]
[adminuiux.com/adminuiux/adminux-mobile/html/component-badges.html]
[adminuiux.com/adminuiux/adminux-mobile/html/assets/img/components/admin-ui-ux-bootstrap-html-template-badge.png]
[adminuiux.com/adminuiux/adminux-mobile/html/component-popovers.html]
[adminuiux.com/adminuiux/adminux-mobile/html/component-progress.html]
[adminuiux.com/adminuiux/adminux-mobile/html/assets/img/components/admin-ui-ux-bootstrap-html-template-progressbar.png]
[adminuiux.com/adminuiux/adminux-mobile/html/component-toasts.html]
[adminuiux.com/adminuiux/adminux-mobile/html/assets/img/components/admin-ui-ux-bootstrap-html-template-toast.png]
[adminuiux.com/adminuiux/adminux-mobile/html/component-tooltips.html]
[adminuiux.com/adminuiux/adminux-mobile/html/assets/img/components/admin-ui-ux-bootstrap-html-template-tooltip.png]
[adminuiux.com/adminuiux/adminux-mobile/html/component-spinners-loaders.html]
[adminuiux.com/adminuiux/adminux-mobile/html/assets/img/components/admin-ui-ux-bootstrap-html-template-loaders.png]
[adminuiux.com/adminuiux/adminux-mobile/html/component-riskometer.html]
[adminuiux.com/adminuiux/adminux-mobile/html/assets/img/components/admin-ui-ux-bootstrap-html-template-riskometer.png]
[adminuiux.com/adminuiux/adminux-mobile/html/component-accordions.html]
[adminuiux.com/adminuiux/adminux-mobile/html/assets/img/components/admin-ui-ux-bootstrap-html-template-accordion.png]
[adminuiux.com/adminuiux/adminux-mobile/html/component-cards.html]
[adminuiux.com/adminuiux/adminux-mobile/html/component-collapse.html]
[adminuiux.com/adminuiux/adminux-mobile/html/assets/img/components/admin-ui-ux-bootstrap-html-template-collapse.png]
[adminuiux.com/adminuiux/adminux-mobile/html/component-list-groups.html]
[adminuiux.com/adminuiux/adminux-mobile/html/assets/img/components/admin-ui-ux-bootstrap-html-template-list-group.png]
[adminuiux.com/adminuiux/adminux-mobile/html/component-modal-dialogues.html]
[adminuiux.com/adminuiux/adminux-mobile/html/assets/img/components/admin-ui-ux-bootstrap-html-template-modal.png]
[adminuiux.com/adminuiux/adminux-mobile/html/component-off-canvas.html]
[adminuiux.com/adminuiux/adminux-mobile/html/assets/img/components/admin-ui-ux-bootstrap-html-template-off-canvas.png]
[adminuiux.com/adminuiux/adminux-mobile/html/component-tables.html]
[adminuiux.com/adminuiux/adminux-mobile/html/assets/img/components/admin-ui-ux-bootstrap-html-template-tables.png]
[adminuiux.com/adminuiux/adminux-mobile/html/component-pricing.html]
[adminuiux.com/adminuiux/adminux-mobile/html/component-header.html]
[adminuiux.com/adminuiux/adminux-mobile/html/assets/img/components/admin-ui-ux-bootstrap-html-template-header.png]
[adminuiux.com/adminuiux/adminux-mobile/html/component-nav.html]
[adminuiux.com/adminuiux/adminux-mobile/html/assets/img/components/admin-ui-ux-bootstrap-html-template-navigation.png]
[adminuiux.com/adminuiux/adminux-mobile/html/component-tabs.html]
[adminuiux.com/adminuiux/adminux-mobile/html/assets/img/components/admin-ui-ux-bootstrap-html-template-tabs.png]
[adminuiux.com/adminuiux/adminux-mobile/html/component-breadcrumbs.html]
[adminuiux.com/adminuiux/adminux-mobile/html/assets/img/components/admin-ui-ux-bootstrap-html-template-breadcrumb.png]
[adminuiux.com/adminuiux/adminux-mobile/html/component-scrollspy.html]
[adminuiux.com/adminuiux/adminux-mobile/html/assets/img/components/admin-ui-ux-bootstrap-html-template-scrollspy.png]
[adminuiux.com/adminuiux/adminux-mobile/html/component-sidebars.html]
[adminuiux.com/adminuiux/adminux-mobile/html/assets/img/components/admin-ui-ux-bootstrap-html-template-sidebar.png]
[adminuiux.com/adminuiux/adminux-mobile/html/component-radios.html]
[adminuiux.com/adminuiux/adminux-mobile/html/assets/img/components/admin-ui-ux-bootstrap-html-template-radio.png]
[adminuiux.com/adminuiux/adminux-mobile/html/component-checkboxes.html]
[adminuiux.com/adminuiux/adminux-mobile/html/assets/img/components/admin-ui-ux-bootstrap-html-template-checkbox.png]
[adminuiux.com/adminuiux/adminux-mobile/html/component-switches.html]
[adminuiux.com/adminuiux/adminux-mobile/html/assets/img/components/admin-ui-ux-bootstrap-html-template-switch.png]
[adminuiux.com/adminuiux/adminux-mobile/html/component-sliders.html]
[adminuiux.com/adminuiux/adminux-mobile/html/assets/img/components/admin-ui-ux-bootstrap-html-template-range.png]
[adminuiux.com/adminuiux/adminux-mobile/html/component-inputs.html]
[adminuiux.com/adminuiux/adminux-mobile/html/assets/img/components/admin-ui-ux-bootstrap-html-template-inputs.png]
[adminuiux.com/adminuiux/adminux-mobile/html/component-selects.html]
[adminuiux.com/adminuiux/adminux-mobile/html/assets/img/components/admin-ui-ux-bootstrap-html-template-select.png]
[adminuiux.com/adminuiux/adminux-mobile/html/component-input-groups.html]
[adminuiux.com/adminuiux/adminux-mobile/html/assets/img/components/admin-ui-ux-bootstrap-html-template-input-groups.png]
[adminuiux.com/adminuiux/adminux-mobile/html/component-floating-label.html]
[adminuiux.com/adminuiux/adminux-mobile/html/assets/img/components/admin-ui-ux-bootstrap-html-template-floating-label.png]
[adminuiux.com/adminuiux/adminux-mobile/html/component-validation.html]
[adminuiux.com/adminuiux/adminux-mobile/html/assets/img/components/admin-ui-ux-bootstrap-html-template-validation.png]
[adminuiux.com/adminuiux/adminux-mobile/html/component-bootstrap-icons.html]
[adminuiux.com/adminuiux/adminux-mobile/html/assets/img/components/admin-ui-ux-bootstrap-html-template-bootstrap-icons.png]
[adminuiux.com/adminuiux/adminux-mobile/html/component-feather-icons.html]
[adminuiux.com/adminuiux/adminux-mobile/html/assets/img/components/admin-ui-ux-bootstrap-html-template-feather-icons.png]
[adminuiux.com/adminuiux/adminux-mobile/html/component-chartjs.html]
[adminuiux.com/adminuiux/adminux-mobile/html/assets/img/components/admin-ui-ux-bootstrap-html-template-chartjs.png]
[adminuiux.com/adminuiux/adminux-mobile/html/component-datatable.html]
[adminuiux.com/adminuiux/adminux-mobile/html/assets/img/components/admin-ui-ux-bootstrap-html-template-datatable.png]
[adminuiux.com/adminuiux/adminux-mobile/html/component-daterangepicker.html]
[adminuiux.com/adminuiux/adminux-mobile/html/assets/img/components/admin-ui-ux-bootstrap-html-template-daterangepicker.png]
[adminuiux.com/adminuiux/adminux-mobile/html/component-dragula.html]
[adminuiux.com/adminuiux/adminux-mobile/html/assets/img/components/admin-ui-ux-bootstrap-html-template-dragula.png]
[adminuiux.com/adminuiux/adminux-mobile/html/component-full-calendar.html]
[adminuiux.com/adminuiux/adminux-mobile/html/assets/img/components/admin-ui-ux-bootstrap-html-template-full-calendar.png]
[adminuiux.com/adminuiux/adminux-mobile/html/component-dropzone.html]
[adminuiux.com/adminuiux/adminux-mobile/html/assets/img/components/admin-ui-ux-bootstrap-html-template-dropzone.png]
[adminuiux.com/adminuiux/adminux-mobile/html/component-progressbar-js.html]
[adminuiux.com/adminuiux/adminux-mobile/html/component-smartwizard.html]
[adminuiux.com/adminuiux/adminux-mobile/html/assets/img/components/admin-ui-ux-bootstrap-html-template-smartwizard.png]
[adminuiux.com/adminuiux/adminux-mobile/html/component-swiper-carousel.html]
[adminuiux.com/adminuiux/adminux-mobile/html/assets/img/components/admin-ui-ux-bootstrap-html-template-swiper-carousel.png]
[adminuiux.com/adminuiux/adminux-mobile/html/component-froala-editor.html]
[adminuiux.com/adminuiux/adminux-mobile/html/assets/img/components/admin-ui-ux-bootstrap-html-template-froala-editor.png]
[adminuiux.com/adminuiux/adminux-mobile/html/component-choicejs.html]
[adminuiux.com/adminuiux/adminux-mobile/html/assets/img/components/admin-ui-ux-bootstrap-html-template-choicejs.png]
[adminuiux.com/adminuiux/adminux-mobile/html/component-avatar.html]
[adminuiux.com/adminuiux/adminux-mobile/html/assets/img/components/admin-ui-ux-bootstrap-html-template-avatar.png]
[adminuiux.com/adminuiux/adminux-mobile/html/component-colors.html]
[adminuiux.com/adminuiux/adminux-mobile/html/component-heights-widths.html]
[adminuiux.com/adminuiux/adminux-mobile/html/assets/img/components/admin-ui-ux-bootstrap-html-template-heights.png]
[adminuiux.com/adminuiux/adminux-mobile/html/component-margin-padding.html]
[adminuiux.com/adminuiux/adminux-mobile/html/assets/img/components/admin-ui-ux-bootstrap-html-template-margin.png]
[adminuiux.com/adminuiux/adminux-mobile/html/components.html]
[adminuiux.com/adminuiux/adminux-mobile/html/adminux-chat-message.html]
[adminuiux.com/adminuiux/adminux-mobile/html/adminux-chat.html]
[adminuiux.com/adminuiux/adminux-mobile/html/adminux-subscription-plans.html]
[adminuiux.com/adminuiux/adminux-mobile/html/adminux-myprofile.html]
[adminuiux.com/adminuiux/adminux-mobile/html/adminux-earning.html]
[adminuiux.com/adminuiux/adminux-mobile/html/adminux-statement.html]
[adminuiux.com/adminuiux/adminux-mobile/html/adminux-profile.html]
[adminuiux.com/adminuiux/adminux-mobile/html/adminux-account-setting.html]
[adminuiux.com/adminuiux/adminux-mobile/html/adminux-subscription.html]
[adminuiux.com/adminuiux/adminux-mobile/html/adminux-inventory-order-details.html]
[www.adminuiux.com/adminuiux/adminux-mobile/html/_assets/img/modern-ai-image/user-5.html]
[www.adminuiux.com/adminuiux/adminux-mobile/html/_assets/img/modern-ai-image/bus-3.html]
[adminuiux.com/adminuiux/adminux-mobile/html/adminux-signup-success.html]
[adminuiux.com/adminuiux/adminux-mobile/html/assets/css/app.css]
[cdnjs.cloudflare.com/ajax/libs/highlight.js/11.10.0/styles/base16/circus.min.css]
[adminuiux.com/adminuiux/adminux-mobile/html/component-buttons.html]
[adminuiux.com/adminuiux/adminux-mobile/html/component-button-groups.html]
[adminuiux.com/adminuiux/adminux-mobile/html/component-icon-buttons.html]
[adminuiux.com/adminuiux/adminux-mobile/html/component-dropdowns.html]
[adminuiux.com/adminuiux/adminux-mobile/html/component-pagination.html]
[adminuiux.com/adminuiux/adminux-mobile/html/component-alerts.html]
[adminuiux.com/adminuiux/adminux-mobile/html/component-badges.html]
[adminuiux.com/adminuiux/adminux-mobile/html/component-popovers.html]
[adminuiux.com/adminuiux/adminux-mobile/html/component-progress.html]
[adminuiux.com/adminuiux/adminux-mobile/html/assets/js/component/component-toasts.js]
[adminuiux.com/adminuiux/adminux-mobile/html/component-toasts.html]
[adminuiux.com/adminuiux/adminux-mobile/html/component-tooltips.html]
[adminuiux.com/adminuiux/adminux-mobile/html/component-spinners-loaders.html]
[adminuiux.com/adminuiux/adminux-mobile/html/component-riskometer.html]
[adminuiux.com/adminuiux/adminux-mobile/html/component-accordions.html]
[adminuiux.com/adminuiux/adminux-mobile/html/component-cards.html]
[adminuiux.com/adminuiux/adminux-mobile/html/component-collapse.html]
[adminuiux.com/adminuiux/adminux-mobile/html/component-list-groups.html]
[adminuiux.com/adminuiux/adminux-mobile/html/component-modal-dialogues.html]
[adminuiux.com/adminuiux/adminux-mobile/html/component-off-canvas.html]
[adminuiux.com/adminuiux/adminux-mobile/html/component-tables.html]
[adminuiux.com/adminuiux/adminux-mobile/html/component-pricing.html]
[adminuiux.com/adminuiux/adminux-mobile/html/component-header.html]
[adminuiux.com/adminuiux/adminux-mobile/html/component-nav.html]
[adminuiux.com/adminuiux/adminux-mobile/html/component-tabs.html]
[adminuiux.com/adminuiux/adminux-mobile/html/component-breadcrumbs.html]
[adminuiux.com/adminuiux/adminux-mobile/html/component-scrollspy.html]
[adminuiux.com/adminuiux/adminux-mobile/html/component-sidebars.html]
[adminuiux.com/adminuiux/adminux-mobile/html/component-radios.html]
[adminuiux.com/adminuiux/adminux-mobile/html/component-checkboxes.html]
[adminuiux.com/adminuiux/adminux-mobile/html/component-switches.html]
[adminuiux.com/adminuiux/adminux-mobile/html/assets/js/component/component-rangeslider.js]
[adminuiux.com/adminuiux/adminux-mobile/html/component-sliders.html]
[adminuiux.com/adminuiux/adminux-mobile/html/assets/js/component/component-inputs.js]
[adminuiux.com/adminuiux/adminux-mobile/html/component-inputs.html]
[adminuiux.com/adminuiux/adminux-mobile/html/component-selects.html]
[adminuiux.com/adminuiux/adminux-mobile/html/component-input-groups.html]
[adminuiux.com/adminuiux/adminux-mobile/html/component-floating-label.html]
[adminuiux.com/adminuiux/adminux-mobile/html/component-validation.html]
[adminuiux.com/adminuiux/adminux-mobile/html/component-bootstrap-icons.html]
[adminuiux.com/adminuiux/adminux-mobile/html/component-feather-icons.html]
[adminuiux.com/adminuiux/adminux-mobile/html/assets/js/component/component-chartjs.js]
[adminuiux.com/adminuiux/adminux-mobile/html/component-chartjs.html]
[adminuiux.com/adminuiux/adminux-mobile/html/assets/js/component/component-dataTable.js]
[adminuiux.com/adminuiux/adminux-mobile/html/component-datatable.html]
[adminuiux.com/adminuiux/adminux-mobile/html/component-daterangepicker.html]
[adminuiux.com/adminuiux/adminux-mobile/html/assets/js/component/component-dragula.js]
[adminuiux.com/adminuiux/adminux-mobile/html/component-dragula.html]
[adminuiux.com/adminuiux/adminux-mobile/html/assets/js/component/component-fullcalendar.js]
[adminuiux.com/adminuiux/adminux-mobile/html/component-full-calendar.html]
[adminuiux.com/adminuiux/adminux-mobile/html/component-dropzone.html]
[unpkg.com/dropzone@5.9.3/dist/min/dropzone.min.js]
[adminuiux.com/adminuiux/adminux-mobile/html/assets/js/component/component-progressbarjs.js]
[adminuiux.com/adminuiux/adminux-mobile/html/component-progressbar-js.html]
[adminuiux.com/adminuiux/adminux-mobile/html/assets/js/component/component-smartwizard.js]
[adminuiux.com/adminuiux/adminux-mobile/html/component-smartwizard.html]
[adminuiux.com/adminuiux/adminux-mobile/html/assets/js/component/component-carousel.js]
[adminuiux.com/adminuiux/adminux-mobile/html/component-swiper-carousel.html]
[adminuiux.com/adminuiux/adminux-mobile/html/component-froala-editor.html]
[www.npmjs.com/package/choices.343.delayed]
[adminuiux.com/adminuiux/adminux-mobile/html/component-choicejs.html]
[adminuiux.com/adminuiux/adminux-mobile/html/component-avatar.html]
[adminuiux.com/adminuiux/adminux-mobile/html/component-colors.html]
[adminuiux.com/adminuiux/adminux-mobile/html/component-heights-widths.html]
[adminuiux.com/adminuiux/adminux-mobile/html/component-margin-padding.html]
[adminuiux.com/adminuiux/adminux-mobile/html/adminux-chat-message.html]
[adminuiux.com/adminuiux/adminux-mobile/html/assets/img/adminux/adminux-video.mp4]
[adminuiux.com/adminuiux/adminux-mobile/html/adminux-myprofile.html]
[adminuiux.com/adminuiux/adminux-mobile/html/adminux-payment.html]
[adminuiux.com/adminuiux/adminux-mobile/html/assets/js/adminux/adminux-earning.js]
[adminuiux.com/adminuiux/adminux-mobile/html/adminux-earning.html]
[adminuiux.com/adminuiux/adminux-mobile/html/adminux-statement.html]
[adminuiux.com/adminuiux/adminux-mobile/html/adminux-account-setting.html]
[www.adminuiux.com/adminuiux/adminux-mobile/html/_assets/img/modern-ai-image/flamingo-4.html]
[www.adminuiux.com/adminuiux/adminux-mobile/html/_assets/img/modern-ai-image/flamingo-2.html]
[www.npmjs.com/package/choices.html]
[adminuiux.com/adminuiux/adminux-mobile/html/adminux-payment.html]
